This file contains any messages produced by compilers while
running configure, to aid debugging if configure makes a mistake.

It was created by MrWatchmaker configure 1.0, which was
generated by GNU Autoconf 2.69.  Invocation command line was

  $ ./configure PKG_CONFIG_PATH=/mingw64/lib/pkgconfig:/mingw64/share/pkgconfig --no-create --no-recursion

## --------- ##
## Platform. ##
## --------- ##

hostname = nana
uname -m = x86_64
uname -r = 3.6.7-f2802c5f.x86_64
uname -s = MSYS_NT-10.0-26200
uname -v = 2026-03-15 08:40 UTC

/usr/bin/uname -p = unknown
/bin/uname -X     = unknown

/bin/arch              = x86_64
/usr/bin/arch -k       = unknown
/usr/convex/getsysinfo = unknown
/usr/bin/hostinfo      = unknown
/bin/machine           = unknown
/usr/bin/oslevel       = unknown
/bin/universe          = unknown

PATH: /mingw64/bin
PATH: /usr/bin
PATH: /c/Users/핑키/AppData/Local/Programs/cursor/resources/app/node_modules/@vscode/ripgrep/bin
PATH: /c/Program Files/Google/Chrome/Application
PATH: /c/Program Files (x86)/Intel/iCLS Client
PATH: /c/Program Files/Intel/iCLS Client
PATH: /c/WINDOWS/system32
PATH: /c/WINDOWS
PATH: /c/WINDOWS/System32/Wbem
PATH: /c/WINDOWS/System32/WindowsPowerShell/v1.0
PATH: /c/Program Files (x86)/Intel/Intel(R) Management Engine Components/DAL
PATH: /c/Program Files/Intel/Intel(R) Management Engine Components/DAL
PATH: /c/Program Files (x86)/Intel/Intel(R) Management Engine Components/IPT
PATH: /c/Program Files/Intel/Intel(R) Management Engine Components/IPT
PATH: /c/WINDOWS/System32/OpenSSH
PATH: /c/Program Files/Git/cmd
PATH: /c/Users/핑키/AppData/Local/Programs/cursor/resources/app/codeBin
PATH: /c/Users/핑키/AppData/Local/Microsoft/WindowsApps
PATH: /c/Users/핑키/AppData/Local/Programs/cursor/resources/app/bin
PATH: /c/Users/핑키/AppData/Local/Programs/Microsoft VS Code/bin
PATH: /c/Program Files/Android/Android Studio/bin
PATH: /c/Users/핑키/AppData/Local/GitHubDesktop/bin


## ----------- ##
## Core tests. ##
## ----------- ##

configure:1830: loading site script /usr/local/etc/config.site
| # This file is in public domain.
| # Original author: Karlson2k (Evgeny Grin)
| # Written for MSys2 to help running 'configure' scripts
| 
| # Use correct config.site file even if CONFIG_SITE is not set
| if test -r /etc/config.site; then
|   . /etc/config.site
| fi
config.site:13: default build_alias set to 
config.site:20: default prefix set to 
configure:1971: checking for a BSD-compatible install
configure:2039: result: /usr/bin/install -c
configure:2050: checking whether build environment is sane
configure:2105: result: yes
configure:2256: checking for a thread-safe mkdir -p
configure:2295: result: /usr/bin/mkdir -p
configure:2302: checking for gawk
configure:2318: found /usr/bin/gawk
configure:2329: result: gawk
configure:2340: checking whether make sets $(MAKE)
configure:2362: result: yes
configure:2391: checking whether make supports nested variables
configure:2408: result: yes
configure:2583: checking for gcc
configure:2599: found /mingw64/bin/gcc
configure:2610: result: gcc
configure:2839: checking for C compiler version
configure:2848: gcc --version >&5
gcc.exe (Rev5, Built by MSYS2 project) 16.1.0
Copyright (C) 2026 Free Software Foundation, Inc.
This is free software; see the source for copying conditions.  There is NO
warranty; not even for MERCHANTABILITY or FITNESS FOR A PARTICULAR PURPOSE.

configure:2859: $? = 0
configure:2848: gcc -v >&5
Using built-in specs.
COLLECT_GCC=C:\msys64\mingw64\bin\gcc.exe
COLLECT_LTO_WRAPPER=C:/msys64/mingw64/bin/../lib/gcc/x86_64-w64-mingw32/16.1.0/lto-wrapper.exe
Target: x86_64-w64-mingw32
Configured with: ../gcc-16.1.0/configure --prefix=/mingw64 --with-local-prefix=/mingw64/local --libexecdir=/mingw64/lib --enable-bootstrap --enable-checking=release --with-arch=nocona --with-tune=generic --enable-mingw-wildcard --enable-languages=c,c++,ada,fortran,lto,objc,obj-c++,jit --enable-shared --enable-static --enable-libatomic --enable-threads=posix --enable-tls --enable-graphite --enable-fully-dynamic-string --enable-libstdcxx-backtrace=yes --enable-libstdcxx-filesystem-ts --enable-libstdcxx-time --disable-libstdcxx-pch --enable-libgomp --disable-libssp --disable-multilib --disable-rpath --disable-win32-registry --disable-nls --disable-werror --disable-symvers --with-libiconv --with-system-zlib --with-gmp=/mingw64 --with-mpfr=/mingw64 --with-mpc=/mingw64 --with-isl=/mingw64 --with-pkgversion='Rev5, Built by MSYS2 project' --with-bugurl=https://github.com/msys2/MINGW-packages/issues --with-gnu-as --with-gnu-ld --with-libstdcxx-zoneinfo=yes --disable-libstdcxx-debug --enable-lto --with-boot-ldflags=-static-libstdc++ --with-stage1-ldflags=-static-libstdc++
Thread model: posix
Supported LTO compression algorithms: zlib zstd
gcc version 16.1.0 (Rev5, Built by MSYS2 project) 
configure:2859: $? = 0
configure:2848: gcc -V >&5
gcc.exe: error: unrecognized command-line option '-V'
gcc.exe: fatal error: no input files
compilation terminated.
configure:2859: $? = 1
configure:2848: gcc -qversion >&5
gcc.exe: error: unrecognized command-line option '-qversion'; did you mean '--version'?
gcc.exe: fatal error: no input files
compilation terminated.
configure:2859: $? = 1
configure:2879: checking whether the C compiler works
configure:2901: gcc    conftest.c  >&5
configure:2905: $? = 0
configure:2953: result: yes
configure:2956: checking for C compiler default output file name
configure:2958: result: a.exe
configure:2964: checking for suffix of executables
configure:2971: gcc -o conftest.exe    conftest.c  >&5
configure:2975: $? = 0
configure:2997: result: .exe
configure:3019: checking whether we are cross compiling
configure:3027: gcc -o conftest.exe    conftest.c  >&5
configure:3031: $? = 0
configure:3038: ./conftest.exe
configure:3042: $? = 0
configure:3057: result: no
configure:3062: checking for suffix of object files
configure:3084: gcc -c   conftest.c >&5
configure:3088: $? = 0
configure:3109: result: o
configure:3113: checking whether we are using the GNU C compiler
configure:3132: gcc -c   conftest.c >&5
configure:3132: $? = 0
configure:3141: result: yes
configure:3150: checking whether gcc accepts -g
configure:3170: gcc -c -g  conftest.c >&5
configure:3170: $? = 0
configure:3211: result: yes
configure:3228: checking for gcc option to accept ISO C89
configure:3289: gcc  -c -g -O2  conftest.c >&5
configure:3289: $? = 0
configure:3302: result: none needed
configure:3327: checking whether gcc understands -c and -o together
configure:3349: gcc -c conftest.c -o conftest2.o
configure:3352: $? = 0
configure:3349: gcc -c conftest.c -o conftest2.o
configure:3352: $? = 0
configure:3364: result: yes
configure:3392: checking for style of include used by make
configure:3420: result: GNU
configure:3446: checking dependency style of gcc
configure:3557: result: gcc3
configure:3630: checking for g++
configure:3646: found /mingw64/bin/g++
configure:3657: result: g++
configure:3684: checking for C++ compiler version
configure:3693: g++ --version >&5
g++.exe (Rev5, Built by MSYS2 project) 16.1.0
Copyright (C) 2026 Free Software Foundation, Inc.
This is free software; see the source for copying conditions.  There is NO
warranty; not even for MERCHANTABILITY or FITNESS FOR A PARTICULAR PURPOSE.

configure:3704: $? = 0
configure:3693: g++ -v >&5
Using built-in specs.
COLLECT_GCC=C:\msys64\mingw64\bin\g++.exe
COLLECT_LTO_WRAPPER=C:/msys64/mingw64/bin/../lib/gcc/x86_64-w64-mingw32/16.1.0/lto-wrapper.exe
Target: x86_64-w64-mingw32
Configured with: ../gcc-16.1.0/configure --prefix=/mingw64 --with-local-prefix=/mingw64/local --libexecdir=/mingw64/lib --enable-bootstrap --enable-checking=release --with-arch=nocona --with-tune=generic --enable-mingw-wildcard --enable-languages=c,c++,ada,fortran,lto,objc,obj-c++,jit --enable-shared --enable-static --enable-libatomic --enable-threads=posix --enable-tls --enable-graphite --enable-fully-dynamic-string --enable-libstdcxx-backtrace=yes --enable-libstdcxx-filesystem-ts --enable-libstdcxx-time --disable-libstdcxx-pch --enable-libgomp --disable-libssp --disable-multilib --disable-rpath --disable-win32-registry --disable-nls --disable-werror --disable-symvers --with-libiconv --with-system-zlib --with-gmp=/mingw64 --with-mpfr=/mingw64 --with-mpc=/mingw64 --with-isl=/mingw64 --with-pkgversion='Rev5, Built by MSYS2 project' --with-bugurl=https://github.com/msys2/MINGW-packages/issues --with-gnu-as --with-gnu-ld --with-libstdcxx-zoneinfo=yes --disable-libstdcxx-debug --enable-lto --with-boot-ldflags=-static-libstdc++ --with-stage1-ldflags=-static-libstdc++
Thread model: posix
Supported LTO compression algorithms: zlib zstd
gcc version 16.1.0 (Rev5, Built by MSYS2 project) 
configure:3704: $? = 0
configure:3693: g++ -V >&5
g++.exe: error: unrecognized command-line option '-V'
g++.exe: fatal error: no input files
compilation terminated.
configure:3704: $? = 1
configure:3693: g++ -qversion >&5
g++.exe: error: unrecognized command-line option '-qversion'; did you mean '--version'?
g++.exe: fatal error: no input files
compilation terminated.
configure:3704: $? = 1
configure:3708: checking whether we are using the GNU C++ compiler
configure:3727: g++ -c   conftest.cpp >&5
configure:3727: $? = 0
configure:3736: result: yes
configure:3745: checking whether g++ accepts -g
configure:3765: g++ -c -g  conftest.cpp >&5
configure:3765: $? = 0
configure:3806: result: yes
configure:3831: checking dependency style of g++
configure:3942: result: gcc3
configure:3958: checking for pthread_mutex_init in -lpthread
configure:3983: gcc -o conftest.exe -g -O2   conftest.c -lpthread   >&5
configure:3983: $? = 0
configure:3992: result: yes
configure:4005: checking for sqrt in -lm
configure:4030: gcc -o conftest.exe -g -O2   conftest.c -lm  -lpthread  >&5
conftest.c:19:6: warning: conflicting types for built-in function 'sqrt'; expected 'double(double)' [-Wbuiltin-declaration-mismatch]
   19 | char sqrt (void);
      |      ^~~~
conftest.c:1:1: note: 'sqrt' is declared in header '<math.h>'
    1 | /* confdefs.h */
configure:4030: $? = 0
configure:4039: result: yes
configure:4106: checking for pkg-config
configure:4124: found /mingw64/bin/pkg-config
configure:4136: result: /mingw64/bin/pkg-config
configure:4161: checking pkg-config is at least version 0.9.0
configure:4164: result: yes
configure:4177: checking for gtk+-3.0 glib-2.0
configure:4184: $PKG_CONFIG --exists --print-errors "gtk+-3.0 glib-2.0"
configure:4187: $? = 0
configure:4201: $PKG_CONFIG --exists --print-errors "gtk+-3.0 glib-2.0"
configure:4204: $? = 0
configure:4262: result: yes
configure:4268: checking for portaudio-2.0
configure:4275: $PKG_CONFIG --exists --print-errors "portaudio-2.0"
configure:4278: $? = 0
configure:4292: $PKG_CONFIG --exists --print-errors "portaudio-2.0"
configure:4295: $? = 0
configure:4353: result: yes
configure:4359: checking for fftw3f
configure:4366: $PKG_CONFIG --exists --print-errors "fftw3f"
configure:4369: $? = 0
configure:4383: $PKG_CONFIG --exists --print-errors "fftw3f"
configure:4386: $? = 0
configure:4444: result: yes
configure:4450: checking for opencv4
configure:4457: $PKG_CONFIG --exists --print-errors "opencv4"
configure:4460: $? = 0
configure:4474: $PKG_CONFIG --exists --print-errors "opencv4"
configure:4477: $? = 0
configure:4535: result: yes
configure:4583: checking for windres
configure:4599: found /mingw64/bin/windres
configure:4610: result: windres
configure:4655: checking if gcc supports -Wl,--as-needed flag
configure:4666: gcc -o conftest.exe -g -O2   -Wl,--as-needed conftest.c -lm -lpthread  >&5
configure:4666: $? = 0
configure:4676: result: yes
configure:4687: checking if gcc supports -Wall flag
configure:4702: gcc -c -g -O2 -Wall  conftest.c >&5
configure:4702: $? = 0
configure:4719: result: yes
configure:4687: checking if gcc supports -Wextra flag
configure:4702: gcc -c -g -O2 -Wall -Wextra  conftest.c >&5
configure:4702: $? = 0
configure:4719: result: yes
configure:4876: checking that generated files are newer than configure
configure:4882: result: done
configure:4917: creating ./config.status
configure:6086: result:
        MrWatchmaker 1.0
        =====

        prefix:                 

        compiler:               gcc
        cflags:                 -g -O2 -Wall -Wextra 
        ldflags:                 -Wl,--as-needed


## ---------------- ##
## Cache variables. ##
## ---------------- ##

ac_cv_c_compiler_gnu=yes
ac_cv_cxx_compiler_gnu=yes
ac_cv_env_CCC_set=
ac_cv_env_CCC_value=
ac_cv_env_CC_set=
ac_cv_env_CC_value=
ac_cv_env_CFLAGS_set=
ac_cv_env_CFLAGS_value=
ac_cv_env_CPPFLAGS_set=
ac_cv_env_CPPFLAGS_value=
ac_cv_env_CXXFLAGS_set=
ac_cv_env_CXXFLAGS_value=
ac_cv_env_CXX_set=
ac_cv_env_CXX_value=
ac_cv_env_FFTW_CFLAGS_set=
ac_cv_env_FFTW_CFLAGS_value=
ac_cv_env_FFTW_LIBS_set=
ac_cv_env_FFTW_LIBS_value=
ac_cv_env_GTK_CFLAGS_set=
ac_cv_env_GTK_CFLAGS_value=
ac_cv_env_GTK_LIBS_set=
ac_cv_env_GTK_LIBS_value=
ac_cv_env_LDFLAGS_set=
ac_cv_env_LDFLAGS_value=
ac_cv_env_LIBS_set=
ac_cv_env_LIBS_value=
ac_cv_env_OPENCV_CFLAGS_set=
ac_cv_env_OPENCV_CFLAGS_value=
ac_cv_env_OPENCV_LIBS_set=
ac_cv_env_OPENCV_LIBS_value=
ac_cv_env_PKG_CONFIG_LIBDIR_set=
ac_cv_env_PKG_CONFIG_LIBDIR_value=
ac_cv_env_PKG_CONFIG_PATH_set=set
ac_cv_env_PKG_CONFIG_PATH_value=/mingw64/lib/pkgconfig:/mingw64/share/pkgconfig
ac_cv_env_PKG_CONFIG_set=
ac_cv_env_PKG_CONFIG_value=
ac_cv_env_PORTAUDIO_CFLAGS_set=
ac_cv_env_PORTAUDIO_CFLAGS_value=
ac_cv_env_PORTAUDIO_LIBS_set=
ac_cv_env_PORTAUDIO_LIBS_value=
ac_cv_env_build_alias_set=
ac_cv_env_build_alias_value=
ac_cv_env_host_alias_set=
ac_cv_env_host_alias_value=
ac_cv_env_target_alias_set=
ac_cv_env_target_alias_value=
ac_cv_exeext=.exe
ac_cv_lib_m_sqrt=yes
ac_cv_lib_pthread_pthread_mutex_init=yes
ac_cv_objext=o
ac_cv_path_ac_pt_PKG_CONFIG=/mingw64/bin/pkg-config
ac_cv_path_install='/usr/bin/install -c'
ac_cv_path_mkdir=/usr/bin/mkdir
ac_cv_prog_AWK=gawk
ac_cv_prog_ac_ct_CC=gcc
ac_cv_prog_ac_ct_CXX=g++
ac_cv_prog_ac_ct_WINDRES=windres
ac_cv_prog_cc_c89=
ac_cv_prog_cc_g=yes
ac_cv_prog_cxx_g=yes
ac_cv_prog_make_make_set=yes
am_cv_CC_dependencies_compiler_type=gcc3
am_cv_CXX_dependencies_compiler_type=gcc3
am_cv_make_support_nested_variables=yes
am_cv_prog_cc_c_o=yes
cc_cv_cflags__Wall=yes
cc_cv_cflags__Wextra=yes
cc_cv_ldflags__Wl___as_needed=yes
pkg_cv_FFTW_CFLAGS=-IC:/msys64/mingw64/include
pkg_cv_FFTW_LIBS='-LC:/msys64/mingw64/lib -lfftw3f'
pkg_cv_GTK_CFLAGS='-IC:/msys64/mingw64/include/gtk-3.0 -IC:/msys64/mingw64/include/pango-1.0 -IC:/msys64/mingw64/include -IC:/msys64/mingw64/include/harfbuzz -IC:/msys64/mingw64/include/cairo -IC:/msys64/mingw64/include/freetype2 -IC:/msys64/mingw64/include/pixman-1 -IC:/msys64/mingw64/include/gdk-pixbuf-2.0 -IC:/msys64/mingw64/include/libpng16 -IC:/msys64/mingw64/include/webp -DLIBDEFLATE_DLL -IC:/msys64/mingw64/include/atk-1.0 -IC:/msys64/mingw64/include/fribidi -IC:/msys64/mingw64/include/glib-2.0 -IC:/msys64/mingw64/lib/glib-2.0/include'
pkg_cv_GTK_LIBS='-LC:/msys64/mingw64/lib -lgtk-3 -lgdk-3 -lgdi32 -limm32 -lshell32 -lole32 -luuid -lwinmm -ldwmapi -lsetupapi -lcfgmgr32 -lhid -lwinspool -lcomctl32 -lcomdlg32 -lpangocairo-1.0 -lpangowin32-1.0 -lpango-1.0 -lcairo-gobject -lcairo -lharfbuzz -lgdk_pixbuf-2.0 -latk-1.0 -lgio-2.0 -lgobject-2.0 -lz -lglib-2.0 -lintl'
pkg_cv_OPENCV_CFLAGS=-IC:/msys64/mingw64/include/opencv4
pkg_cv_OPENCV_LIBS='-LC:/msys64/mingw64/lib -lopencv_gapi -lopencv_stitching -lopencv_alphamat -lopencv_aruco -lopencv_bgsegm -lopencv_ccalib -lopencv_cvv -lopencv_dnn_objdetect -lopencv_dnn_superres -lopencv_dpm -lopencv_face -lopencv_freetype -lopencv_fuzzy -lopencv_hdf -lopencv_hfs -lopencv_img_hash -lopencv_intensity_transform -lopencv_line_descriptor -lopencv_mcc -lopencv_ovis -lopencv_quality -lopencv_rapid -lopencv_reg -lopencv_rgbd -lopencv_saliency -lopencv_sfm -lopencv_signal -lopencv_stereo -lopencv_structured_light -lopencv_phase_unwrapping -lopencv_superres -lopencv_optflow -lopencv_surface_matching -lopencv_tracking -lopencv_highgui -lopencv_datasets -lopencv_text -lopencv_plot -lopencv_videostab -lopencv_videoio -lopencv_viz -lopencv_wechat_qrcode -lopencv_xfeatures2d -lopencv_shape -lopencv_ml -lopencv_ximgproc -lopencv_video -lopencv_xobjdetect -lopencv_objdetect -lopencv_calib3d -lopencv_imgcodecs -lopencv_features2d -lopencv_dnn -lopencv_flann -lopencv_xphoto -lopencv_photo -lopencv_imgproc -lopencv_core'
pkg_cv_PORTAUDIO_CFLAGS=-IC:/msys64/mingw64/include
pkg_cv_PORTAUDIO_LIBS='-LC:/msys64/mingw64/lib -lportaudio'

## ----------------- ##
## Output variables. ##
## ----------------- ##

ACLOCAL='${SHELL} /c/mrwatchmaker/missing aclocal-1.15'
AMDEPBACKSLASH='\'
AMDEP_FALSE='#'
AMDEP_TRUE=''
AMTAR='$${TAR-tar}'
AM_BACKSLASH='\'
AM_DEFAULT_V='$(AM_DEFAULT_VERBOSITY)'
AM_DEFAULT_VERBOSITY='1'
AM_LDFLAGS='-Wl,--as-needed'
AM_V='$(V)'
AUTOCONF='${SHELL} /c/mrwatchmaker/missing autoconf'
AUTOHEADER='${SHELL} /c/mrwatchmaker/missing autoheader'
AUTOMAKE='${SHELL} /c/mrwatchmaker/missing automake-1.15'
AWK='gawk'
BE_WINDOWS_FALSE='#'
BE_WINDOWS_TRUE=''
CC='gcc'
CCDEPMODE='depmode=gcc3'
CFLAGS='-g -O2 -Wall -Wextra'
CPPFLAGS=''
CXX='g++'
CXXDEPMODE='depmode=gcc3'
CXXFLAGS='-g -O2'
CYGPATH_W='cygpath -w'
DEFS='-DPACKAGE_NAME=\"MrWatchmaker\" -DPACKAGE_TARNAME=\"mrwatchmaker\" -DPACKAGE_VERSION=\"1.0\" -DPACKAGE_STRING=\"MrWatchmaker\ 1.0\" -DPACKAGE_BUGREPORT=\"vacaboja@gmail.com\" -DPACKAGE_URL=\"https://github.com/vacaboja/tg\" -DPACKAGE=\"mrwatchmaker\" -DVERSION=\"1.0\" -DHAVE_LIBPTHREAD=1 -DHAVE_LIBM=1'
DEPDIR='.deps'
ECHO_C=''
ECHO_N='-n'
ECHO_T=''
EXEEXT='.exe'
FFTW_CFLAGS='-IC:/msys64/mingw64/include'
FFTW_LIBS='-LC:/msys64/mingw64/lib -lfftw3f'
GTK_CFLAGS='-IC:/msys64/mingw64/include/gtk-3.0 -IC:/msys64/mingw64/include/pango-1.0 -IC:/msys64/mingw64/include -IC:/msys64/mingw64/include/harfbuzz -IC:/msys64/mingw64/include/cairo -IC:/msys64/mingw64/include/freetype2 -IC:/msys64/mingw64/include/pixman-1 -IC:/msys64/mingw64/include/gdk-pixbuf-2.0 -IC:/msys64/mingw64/include/libpng16 -IC:/msys64/mingw64/include/webp -DLIBDEFLATE_DLL -IC:/msys64/mingw64/include/atk-1.0 -IC:/msys64/mingw64/include/fribidi -IC:/msys64/mingw64/include/glib-2.0 -IC:/msys64/mingw64/lib/glib-2.0/include'
GTK_LIBS='-LC:/msys64/mingw64/lib -lgtk-3 -lgdk-3 -lgdi32 -limm32 -lshell32 -lole32 -luuid -lwinmm -ldwmapi -lsetupapi -lcfgmgr32 -lhid -lwinspool -lcomctl32 -lcomdlg32 -lpangocairo-1.0 -lpangowin32-1.0 -lpango-1.0 -lcairo-gobject -lcairo -lharfbuzz -lgdk_pixbuf-2.0 -latk-1.0 -lgio-2.0 -lgobject-2.0 -lz -lglib-2.0 -lintl'
HAVE_WINDRES_FALSE='#'
HAVE_WINDRES_TRUE=''
INSTALL_DATA='${INSTALL} -m 644'
INSTALL_PROGRAM='${INSTALL}'
INSTALL_SCRIPT='${INSTALL}'
INSTALL_STRIP_PROGRAM='$(install_sh) -c -s'
LDFLAGS=''
LIBOBJS=''
LIBS='-lm -lpthread '
LTLIBOBJS=''
MAKEINFO='${SHELL} /c/mrwatchmaker/missing makeinfo'
MKDIR_P='/usr/bin/mkdir -p'
OBJEXT='o'
OPENCV_CFLAGS='-IC:/msys64/mingw64/include/opencv4'
OPENCV_LIBS='-LC:/msys64/mingw64/lib -lopencv_gapi -lopencv_stitching -lopencv_alphamat -lopencv_aruco -lopencv_bgsegm -lopencv_ccalib -lopencv_cvv -lopencv_dnn_objdetect -lopencv_dnn_superres -lopencv_dpm -lopencv_face -lopencv_freetype -lopencv_fuzzy -lopencv_hdf -lopencv_hfs -lopencv_img_hash -lopencv_intensity_transform -lopencv_line_descriptor -lopencv_mcc -lopencv_ovis -lopencv_quality -lopencv_rapid -lopencv_reg -lopencv_rgbd -lopencv_saliency -lopencv_sfm -lopencv_signal -lopencv_stereo -lopencv_structured_light -lopencv_phase_unwrapping -lopencv_superres -lopencv_optflow -lopencv_surface_matching -lopencv_tracking -lopencv_highgui -lopencv_datasets -lopencv_text -lopencv_plot -lopencv_videostab -lopencv_videoio -lopencv_viz -lopencv_wechat_qrcode -lopencv_xfeatures2d -lopencv_shape -lopencv_ml -lopencv_ximgproc -lopencv_video -lopencv_xobjdetect -lopencv_objdetect -lopencv_calib3d -lopencv_imgcodecs -lopencv_features2d -lopencv_dnn -lopencv_flann -lopencv_xphoto -lopencv_photo -lopencv_imgproc -lopencv_core'
PACKAGE='mrwatchmaker'
PACKAGE_BUGREPORT='vacaboja@gmail.com'
PACKAGE_NAME='MrWatchmaker'
PACKAGE_STRING='MrWatchmaker 1.0'
PACKAGE_TARNAME='mrwatchmaker'
PACKAGE_URL='https://github.com/vacaboja/tg'
PACKAGE_VERSION='1.0'
PATH_SEPARATOR=':'
PKG_CONFIG='/mingw64/bin/pkg-config'
PKG_CONFIG_LIBDIR=''
PKG_CONFIG_PATH='/mingw64/lib/pkgconfig:/mingw64/share/pkgconfig'
PORTAUDIO_CFLAGS='-IC:/msys64/mingw64/include'
PORTAUDIO_LIBS='-LC:/msys64/mingw64/lib -lportaudio'
SET_MAKE=''
SHELL='/bin/sh'
STRIP=''
VERSION='1.0'
WINDRES='windres'
ac_ct_CC='gcc'
ac_ct_CXX='g++'
am__EXEEXT_FALSE='#'
am__EXEEXT_TRUE=''
am__fastdepCC_FALSE='#'
am__fastdepCC_TRUE=''
am__fastdepCXX_FALSE='#'
am__fastdepCXX_TRUE=''
am__include='include'
am__isrc=''
am__leading_dot='.'
am__nodep='_no'
am__quote=''
am__tar='$${TAR-tar} chof - "$$tardir"'
am__untar='$${TAR-tar} xf -'
bindir='${exec_prefix}/bin'
build_alias=''
datadir='${datarootdir}'
datarootdir='${prefix}/share'
docdir='${datarootdir}/doc/${PACKAGE_TARNAME}'
dvidir='${docdir}'
exec_prefix='${prefix}'
host_alias=''
htmldir='${docdir}'
includedir='${prefix}/include'
infodir='${datarootdir}/info'
install_sh='${SHELL} /c/mrwatchmaker/install-sh'
libdir='${exec_prefix}/lib'
libexecdir='${exec_prefix}/libexec'
localedir='${datarootdir}/locale'
localstatedir='${prefix}/var'
mandir='${datarootdir}/man'
mkdir_p='$(MKDIR_P)'
oldincludedir='/usr/include'
pdfdir='${docdir}'
prefix=''
program_transform_name='s,x,x,'
psdir='${docdir}'
sbindir='${exec_prefix}/sbin'
sharedstatedir='${prefix}/com'
sysconfdir='${prefix}/etc'
target_alias=''

## ----------- ##
## confdefs.h. ##
## ----------- ##

/* confdefs.h */
#define PACKAGE_NAME "MrWatchmaker"
#define PACKAGE_TARNAME "mrwatchmaker"
#define PACKAGE_VERSION "1.0"
#define PACKAGE_STRING "MrWatchmaker 1.0"
#define PACKAGE_BUGREPORT "vacaboja@gmail.com"
#define PACKAGE_URL "https://github.com/vacaboja/tg"
#define PACKAGE "mrwatchmaker"
#define VERSION "1.0"
#define HAVE_LIBPTHREAD 1
#define HAVE_LIBM 1

configure: exit 0

## ---------------------- ##
## Running config.status. ##
## ---------------------- ##

This file was extended by MrWatchmaker config.status 1.0, which was
generated by GNU Autoconf 2.69.  Invocation command line was

  CONFIG_FILES    = 
  CONFIG_HEADERS  = 
  CONFIG_LINKS    = 
  CONFIG_COMMANDS = 
  $ ./config.status 

on nana

config.status:815: creating Makefile
config.status:815: creating icons/Makefile
config.status:1018: executing depfiles commands

## ---------------------- ##
## Running config.status. ##
## ---------------------- ##

This file was extended by MrWatchmaker config.status 1.0, which was
generated by GNU Autoconf 2.69.  Invocation command line was

  CONFIG_FILES    = 
  CONFIG_HEADERS  = 
  CONFIG_LINKS    = 
  CONFIG_COMMANDS = 
  $ ./config.status Makefile

on nana

config.status:815: creating Makefile

## ---------------------- ##
## Running config.status. ##
## ---------------------- ##

This file was extended by MrWatchmaker config.status 1.0, which was
generated by GNU Autoconf 2.69.  Invocation command line was

  CONFIG_FILES    = 
  CONFIG_HEADERS  = 
  CONFIG_LINKS    = 
  CONFIG_COMMANDS = 
  $ ./config.status icons/Makefile

on nana

config.status:815: creating icons/Makefile
